// Jest Snapshot v1, https://goo.gl/fbAQLP

exports[`Toast-Context Match snapshots 1`] = `
<body>
  <div>
    <div
      class="p-toast p-component p-toast-top-right p-ripple-disabled"
      data-pc-name="toast"
      data-pc-section="root"
      style="position: fixed; top: 20px; right: 20px;"
    >
      <div />
    </div>
    <button>
      Show Toast
    </button>
  </div>
</body>
`;
